This is pdfTeX, Version 3.141592653-2.6-1.40.26 (MiKTeX 24.4) (preloaded format=pdflatex 2026.5.14)  16 MAY 2026 21:38
entering extended mode
 restricted \write18 enabled.
 file:line:error style messages enabled.
 %&-line parsing enabled.
**"c:/Users/Juan Camilo/Desktop/Universidad de los Andes/2026-1/Decimo Problema de Hilbert/Proyecto-Decimo-Problema/Proyecto decimo.tex"
(c:/Users/Juan Camilo/Desktop/Universidad de los Andes/2026-1/Decimo Problema de Hilbert/Proyecto-Decimo-Problema/Proyecto decimo.tex
LaTeX2e <2025-11-01>
L3 programming layer <2026-03-20>
(C:\Users\Juan Camilo\Desktop\Universidad de los Andes\Tex\tex/latex/base\article.cls
Document Class: article 2025/01/22 v1.4n Standard LaTeX document class
(C:\Users\Juan Camilo\Desktop\Universidad de los Andes\Tex\tex/latex/base\size10.clo
File: size10.clo 2025/01/22 v1.4n Standard LaTeX file (size option)
)
\c@part=\count275
\c@section=\count276
\c@subsection=\count277
\c@subsubsection=\count278
\c@paragraph=\count279
\c@subparagraph=\count280
\c@figure=\count281
\c@table=\count282
\abovecaptionskip=\skip49
\belowcaptionskip=\skip50
\bibindent=\dimen150
) (comanditos.tex (C:\Users\Juan Camilo\Desktop\Universidad de los Andes\Tex\tex/latex/tools\bm.sty
Package: bm 2025/10/21 v1.2g Bold Symbol Support (DPC/FMi)
\symboldoperators=\mathgroup4
\symboldletters=\mathgroup5
\symboldsymbols=\mathgroup6
Package bm Info: No bold for \OMX/cmex/m/n, using \pmb.
LaTeX Font Info:    Redeclaring math alphabet \mathbf on input line 149.
) (C:\Users\Juan Camilo\Desktop\Universidad de los Andes\Tex\tex/latex/graphics\graphicx.sty
Package: graphicx 2024/12/31 v1.2e Enhanced LaTeX Graphics (DPC,SPQR)
 (C:\Users\Juan Camilo\Desktop\Universidad de los Andes\Tex\tex/latex/graphics\keyval.sty
Package: keyval 2022/05/29 v1.15 key=value parser (DPC)
\KV@toks@=\toks17
) (C:\Users\Juan Camilo\Desktop\Universidad de los Andes\Tex\tex/latex/graphics\graphics.sty
Package: graphics 2024/08/06 v1.4g Standard LaTeX Graphics (DPC,SPQR)
 (C:\Users\Juan Camilo\Desktop\Universidad de los Andes\Tex\tex/latex/graphics\trig.sty
Package: trig 2023/12/02 v1.11 sin cos tan (DPC)
) (C:\Users\Juan Camilo\Desktop\Universidad de los Andes\Tex\tex/latex/graphics-cfg\graphics.cfg
File: graphics.cfg 2016/06/04 v1.11 sample graphics configuration
)
Package graphics Info: Driver file: pdftex.def on input line 106.
 (C:\Users\Juan Camilo\Desktop\Universidad de los Andes\Tex\tex/latex/graphics-def\pdftex.def
File: pdftex.def 2025/09/29 v1.2d Graphics/color driver for pdftex
))
\Gin@req@height=\dimen151
\Gin@req@width=\dimen152
) (C:\Users\Juan Camilo\Desktop\Universidad de los Andes\Tex\tex/latex/enumitem\enumitem.sty
Package: enumitem 2025/02/06 v3.11 Customized lists
\labelindent=\skip51
\enit@outerparindent=\dimen153
\enit@toks=\toks18
\enit@inbox=\box53
\enit@count@id=\count283
\enitdp@description=\count284
) (C:\Users\Juan Camilo\Desktop\Universidad de los Andes\Tex\tex/latex/amsmath\amsmath.sty
Package: amsmath 2025/07/09 v2.17z AMS math features
\@mathmargin=\skip52

For additional information on amsmath, use the `?' option.
(C:\Users\Juan Camilo\Desktop\Universidad de los Andes\Tex\tex/latex/amsmath\amstext.sty
Package: amstext 2024/11/17 v2.01 AMS text
 (C:\Users\Juan Camilo\Desktop\Universidad de los Andes\Tex\tex/latex/amsmath\amsgen.sty
File: amsgen.sty 1999/11/30 v2.0 generic functions
\@emptytoks=\toks19
\ex@=\dimen154
)) (C:\Users\Juan Camilo\Desktop\Universidad de los Andes\Tex\tex/latex/amsmath\amsbsy.sty
Package: amsbsy 1999/11/29 v1.2d Bold Symbols
LaTeX Info: Redefining \boldsymbol on input line 28.
\pmbraise@=\dimen155
) (C:\Users\Juan Camilo\Desktop\Universidad de los Andes\Tex\tex/latex/amsmath\amsopn.sty
Package: amsopn 2022/04/08 v2.04 operator names
)
\inf@bad=\count285
LaTeX Info: Redefining \frac on input line 233.
\uproot@=\count286
\leftroot@=\count287
LaTeX Info: Redefining \overline on input line 398.
LaTeX Info: Redefining \colon on input line 409.
\classnum@=\count288
\DOTSCASE@=\count289
LaTeX Info: Redefining \ldots on input line 495.
LaTeX Info: Redefining \dots on input line 498.
LaTeX Info: Redefining \cdots on input line 619.
\Mathstrutbox@=\box54
\strutbox@=\box55
LaTeX Info: Redefining \big on input line 721.
LaTeX Info: Redefining \Big on input line 722.
LaTeX Info: Redefining \bigg on input line 723.
LaTeX Info: Redefining \Bigg on input line 724.
\big@size=\dimen156
LaTeX Font Info:    Redeclaring font encoding OML on input line 742.
LaTeX Font Info:    Redeclaring font encoding OMS on input line 743.
\macc@depth=\count290
LaTeX Info: Redefining \bmod on input line 904.
LaTeX Info: Redefining \pmod on input line 909.
LaTeX Info: Redefining \smash on input line 939.
LaTeX Info: Redefining \relbar on input line 969.
LaTeX Info: Redefining \Relbar on input line 970.
\c@MaxMatrixCols=\count291
\dotsspace@=\muskip17
\c@parentequation=\count292
\dspbrk@lvl=\count293
\tag@help=\toks20
\row@=\count294
\column@=\count295
\maxfields@=\count296
\andhelp@=\toks21
\eqnshift@=\dimen157
\alignsep@=\dimen158
\tagshift@=\dimen159
\tagwidth@=\dimen160
\totwidth@=\dimen161
\lineht@=\dimen162
\@envbody=\toks22
\multlinegap=\skip53
\multlinetaggap=\skip54
\mathdisplay@stack=\toks23
LaTeX Info: Redefining \[ on input line 2950.
LaTeX Info: Redefining \] on input line 2951.
) (C:\Users\Juan Camilo\Desktop\Universidad de los Andes\Tex\tex/latex/amsfonts\amsfonts.sty
Package: amsfonts 2013/01/14 v3.01 Basic AMSFonts support
\symAMSa=\mathgroup7
\symAMSb=\mathgroup8
LaTeX Font Info:    Redeclaring math symbol \hbar on input line 98.
LaTeX Font Info:    Overwriting math alphabet `\mathfrak' in version `bold'
(Font)                  U/euf/m/n --> U/euf/b/n on input line 106.
) (C:\Users\Juan Camilo\Desktop\Universidad de los Andes\Tex\tex/latex/amsfonts\amssymb.sty
Package: amssymb 2013/01/14 v3.01 AMS font symbols
) (C:\Users\Juan Camilo\Desktop\Universidad de los Andes\Tex\tex/latex/aliascnt\aliascnt.sty
Package: aliascnt 2026-03-08 v1.7 Alias counters (HO)
) (C:\Users\Juan Camilo\Desktop\Universidad de los Andes\Tex\tex/latex/amscls\amsthm.sty
Package: amsthm 2020/05/29 v2.20.6
\thm@style=\toks24
\thm@bodyfont=\toks25
\thm@headfont=\toks26
\thm@notefont=\toks27
\thm@headpunct=\toks28
\thm@preskip=\skip55
\thm@postskip=\skip56
\thm@headsep=\skip57
\dth@everypar=\toks29
) (C:\Users\Juan Camilo\Desktop\Universidad de los Andes\Tex\tex/latex/mdframed\mdframed.sty
Package: mdframed 2013/07/01 1.9b: mdframed
 (C:\Users\Juan Camilo\Desktop\Universidad de los Andes\Tex\tex/latex/kvoptions\kvoptions.sty
Package: kvoptions 2022-06-15 v3.15 Key value format for package options (HO)
 (C:\Users\Juan Camilo\Desktop\Universidad de los Andes\Tex\tex/generic/ltxcmds\ltxcmds.sty
Package: ltxcmds 2023-12-04 v1.26 LaTeX kernel commands for general use (HO)
) (C:\Users\Juan Camilo\Desktop\Universidad de los Andes\Tex\tex/latex/kvsetkeys\kvsetkeys.sty
Package: kvsetkeys 2022-10-05 v1.19 Key value parser (HO)
)) (C:\Users\Juan Camilo\Desktop\Universidad de los Andes\Tex\tex/latex/l3packages/xparse\xparse.sty (C:\Users\Juan Camilo\Desktop\Universidad de los Andes\Tex\tex/latex/l3kernel\expl3.sty
Package: expl3 2026-03-20 L3 programming layer (loader) 
 (C:\Users\Juan Camilo\Desktop\Universidad de los Andes\Tex\tex/latex/l3backend\l3backend-pdftex.def
File: l3backend-pdftex.def 2026-02-18 L3 backend support: PDF output (pdfTeX)
\l__color_backend_stack_int=\count297
))
Package: xparse 2025-10-09 L3 Experimental document command parser
) (C:\Users\Juan Camilo\Desktop\Universidad de los Andes\Tex\tex/latex/etoolbox\etoolbox.sty
Package: etoolbox 2025/10/02 v2.5m e-TeX tools for LaTeX (JAW)
\etb@tempcnta=\count298
) (C:\Users\Juan Camilo\Desktop\Universidad de los Andes\Tex\tex/latex/zref\zref-abspage.sty
Package: zref-abspage 2026-03-07 v2.37 Module abspage for zref (HO)
 (C:\Users\Juan Camilo\Desktop\Universidad de los Andes\Tex\tex/latex/zref\zref-base.sty
Package: zref-base 2026-03-07 v2.37 Module base for zref (HO)
 (C:\Users\Juan Camilo\Desktop\Universidad de los Andes\Tex\tex/generic/infwarerr\infwarerr.sty
Package: infwarerr 2019/12/03 v1.5 Providing info/warning/error messages (HO)
) (C:\Users\Juan Camilo\Desktop\Universidad de los Andes\Tex\tex/generic/kvdefinekeys\kvdefinekeys.sty
Package: kvdefinekeys 2019-12-19 v1.6 Define keys (HO)
) (C:\Users\Juan Camilo\Desktop\Universidad de los Andes\Tex\tex/generic/pdftexcmds\pdftexcmds.sty
Package: pdftexcmds 2020-06-27 v0.33 Utility functions of pdfTeX for LuaTeX (HO)
 (C:\Users\Juan Camilo\Desktop\Universidad de los Andes\Tex\tex/generic/iftex\iftex.sty
Package: iftex 2024/12/12 v1.0g TeX engine tests
)
Package pdftexcmds Info: \pdf@primitive is available.
Package pdftexcmds Info: \pdf@ifprimitive is available.
Package pdftexcmds Info: \pdfdraftmode found.
) (C:\Users\Juan Camilo\Desktop\Universidad de los Andes\Tex\tex/generic/etexcmds\etexcmds.sty
Package: etexcmds 2019/12/15 v1.7 Avoid name clashes with e-TeX commands (HO)
) (C:\Users\Juan Camilo\Desktop\Universidad de los Andes\Tex\tex/latex/auxhook\auxhook.sty
Package: auxhook 2019-12-17 v1.6 Hooks for auxiliary files (HO)
)
Package zref Info: New property list: main on input line 767.
Package zref Info: New property: default on input line 768.
Package zref Info: New property: page on input line 769.
)
\c@abspage=\count299
Package zref Info: New property: abspage on input line 67.
) (C:\Users\Juan Camilo\Desktop\Universidad de los Andes\Tex\tex/latex/needspace\needspace.sty
Package: needspace 2025/03/13 v1.3e reserve vertical space
) (C:\Users\Juan Camilo\Desktop\Universidad de los Andes\Tex\tex/latex/graphics\color.sty
Package: color 2025/01/14 v1.3e Standard LaTeX Color (DPC)
 (C:\Users\Juan Camilo\Desktop\Universidad de los Andes\Tex\tex/latex/graphics-cfg\color.cfg
File: color.cfg 2016/01/02 v1.6 sample color configuration
)
Package color Info: Driver file: pdftex.def on input line 149.
 (C:\Users\Juan Camilo\Desktop\Universidad de los Andes\Tex\tex/latex/graphics\mathcolor.ltx))
\mdf@templength=\skip58
\c@mdf@globalstyle@cnt=\count300
\mdf@skipabove@length=\skip59
\mdf@skipbelow@length=\skip60
\mdf@leftmargin@length=\skip61
\mdf@rightmargin@length=\skip62
\mdf@innerleftmargin@length=\skip63
\mdf@innerrightmargin@length=\skip64
\mdf@innertopmargin@length=\skip65
\mdf@innerbottommargin@length=\skip66
\mdf@splittopskip@length=\skip67
\mdf@splitbottomskip@length=\skip68
\mdf@outermargin@length=\skip69
\mdf@innermargin@length=\skip70
\mdf@linewidth@length=\skip71
\mdf@innerlinewidth@length=\skip72
\mdf@middlelinewidth@length=\skip73
\mdf@outerlinewidth@length=\skip74
\mdf@roundcorner@length=\skip75
\mdf@footenotedistance@length=\skip76
\mdf@userdefinedwidth@length=\skip77
\mdf@needspace@length=\skip78
\mdf@frametitleaboveskip@length=\skip79
\mdf@frametitlebelowskip@length=\skip80
\mdf@frametitlerulewidth@length=\skip81
\mdf@frametitleleftmargin@length=\skip82
\mdf@frametitlerightmargin@length=\skip83
\mdf@shadowsize@length=\skip84
\mdf@extratopheight@length=\skip85
\mdf@subtitleabovelinewidth@length=\skip86
\mdf@subtitlebelowlinewidth@length=\skip87
\mdf@subtitleaboveskip@length=\skip88
\mdf@subtitlebelowskip@length=\skip89
\mdf@subtitleinneraboveskip@length=\skip90
\mdf@subtitleinnerbelowskip@length=\skip91
\mdf@subsubtitleabovelinewidth@length=\skip92
\mdf@subsubtitlebelowlinewidth@length=\skip93
\mdf@subsubtitleaboveskip@length=\skip94
\mdf@subsubtitlebelowskip@length=\skip95
\mdf@subsubtitleinneraboveskip@length=\skip96
\mdf@subsubtitleinnerbelowskip@length=\skip97
 (C:\Users\Juan Camilo\Desktop\Universidad de los Andes\Tex\tex/latex/mdframed\md-frame-0.mdf
File: md-frame-0.mdf 2013/07/01\ 1.9b: md-frame-0
)
\mdf@frametitlebox=\box56
\mdf@footnotebox=\box57
\mdf@splitbox@one=\box58
\mdf@splitbox@two=\box59
\mdf@splitbox@save=\box60
\mdfsplitboxwidth=\skip98
\mdfsplitboxtotalwidth=\skip99
\mdfsplitboxheight=\skip100
\mdfsplitboxdepth=\skip101
\mdfsplitboxtotalheight=\skip102
\mdfframetitleboxwidth=\skip103
\mdfframetitleboxtotalwidth=\skip104
\mdfframetitleboxheight=\skip105
\mdfframetitleboxdepth=\skip106
\mdfframetitleboxtotalheight=\skip107
\mdffootnoteboxwidth=\skip108
\mdffootnoteboxtotalwidth=\skip109
\mdffootnoteboxheight=\skip110
\mdffootnoteboxdepth=\skip111
\mdffootnoteboxtotalheight=\skip112
\mdftotallinewidth=\skip113
\mdfboundingboxwidth=\skip114
\mdfboundingboxtotalwidth=\skip115
\mdfboundingboxheight=\skip116
\mdfboundingboxdepth=\skip117
\mdfboundingboxtotalheight=\skip118
\mdf@freevspace@length=\skip119
\mdf@horizontalwidthofbox@length=\skip120
\mdf@verticalmarginwhole@length=\skip121
\mdf@horizontalspaceofbox=\skip122
\mdfsubtitleheight=\skip123
\mdfsubsubtitleheight=\skip124
\c@mdfcountframes=\count301

****** mdframed patching \endmdf@trivlist

****** -- success******

\mdf@envdepth=\count302
\c@mdf@env@i=\count303
\c@mdf@env@ii=\count304
\c@mdf@zref@counter=\count305
Package zref Info: New property: mdf@pagevalue on input line 895.
) (C:\Users\Juan Camilo\Desktop\Universidad de los Andes\Tex\tex/latex/fancyhdr\fancyhdr.sty
Package: fancyhdr 2025/02/07 v5.2 Extensive control of page headers and footers
\f@nch@headwidth=\skip125
\f@nch@offset@elh=\skip126
\f@nch@offset@erh=\skip127
\f@nch@offset@olh=\skip128
\f@nch@offset@orh=\skip129
\f@nch@offset@elf=\skip130
\f@nch@offset@erf=\skip131
\f@nch@offset@olf=\skip132
\f@nch@offset@orf=\skip133
\f@nch@height=\skip134
\f@nch@footalignment=\skip135
\f@nch@widthL=\skip136
\f@nch@widthC=\skip137
\f@nch@widthR=\skip138
\@temptokenb=\toks30
) (C:\Users\Juan Camilo\Desktop\Universidad de los Andes\Tex\tex/latex/geometry\geometry.sty
Package: geometry 2026/03/07 v6.0 Page Geometry
 (C:\Users\Juan Camilo\Desktop\Universidad de los Andes\Tex\tex/generic/iftex\ifvtex.sty
Package: ifvtex 2019/10/25 v1.7 ifvtex legacy package. Use iftex instead.
)
\Gm@cnth=\count306
\Gm@cntv=\count307
\c@Gm@tempcnt=\count308
\Gm@bindingoffset=\dimen163
\Gm@wd@mp=\dimen164
\Gm@odd@mp=\dimen165
\Gm@even@mp=\dimen166
\Gm@layoutwidth=\dimen167
\Gm@layoutheight=\dimen168
\Gm@layouthoffset=\dimen169
\Gm@layoutvoffset=\dimen170
\Gm@dimlist=\toks31
 (C:\Users\Juan Camilo\Desktop\Universidad de los Andes\Tex\tex/latex/geometry\geometry.cfg)) (C:\Users\Juan Camilo\Desktop\Universidad de los Andes\Tex\tex/latex/hyperref\hyperref.sty
Package: hyperref 2026-04-24 v7.01q Hypertext links for LaTeX
 (C:\Users\Juan Camilo\Desktop\Universidad de los Andes\Tex\tex/generic/pdfescape\pdfescape.sty
Package: pdfescape 2019/12/09 v1.15 Implements pdfTeX's escape features (HO)
) (C:\Users\Juan Camilo\Desktop\Universidad de los Andes\Tex\tex/latex/hycolor\hycolor.sty
Package: hycolor 2020-01-27 v1.10 Color options for hyperref/bookmark (HO)
) (C:\Users\Juan Camilo\Desktop\Universidad de los Andes\Tex\tex/latex/hyperref\nameref.sty
Package: nameref 2026-01-29 v2.58 Cross-referencing by name of section
 (C:\Users\Juan Camilo\Desktop\Universidad de los Andes\Tex\tex/latex/refcount\refcount.sty
Package: refcount 2019/12/15 v3.6 Data extraction from label references (HO)
) (C:\Users\Juan Camilo\Desktop\Universidad de los Andes\Tex\tex/generic/gettitlestring\gettitlestring.sty
Package: gettitlestring 2019/12/15 v1.6 Cleanup title references (HO)
)
\c@section@level=\count309
) (C:\Users\Juan Camilo\Desktop\Universidad de los Andes\Tex\tex/generic/stringenc\stringenc.sty
Package: stringenc 2019/11/29 v1.12 Convert strings between diff. encodings (HO)
)
\@linkdim=\dimen171
\Hy@linkcounter=\count310
\Hy@pagecounter=\count311
 (C:\Users\Juan Camilo\Desktop\Universidad de los Andes\Tex\tex/latex/hyperref\pd1enc.def
File: pd1enc.def 2026-04-24 v7.01q Hyperref: PDFDocEncoding definition (HO)
Now handling font encoding PD1 ...
... no UTF-8 mapping file for font encoding PD1
) (C:\Users\Juan Camilo\Desktop\Universidad de los Andes\Tex\tex/generic/intcalc\intcalc.sty
Package: intcalc 2019/12/15 v1.3 Expandable calculations with integers (HO)
)
\Hy@SavedSpaceFactor=\count312
 (C:\Users\Juan Camilo\Desktop\Universidad de los Andes\Tex\tex/latex/hyperref\puenc.def
File: puenc.def 2026-04-24 v7.01q Hyperref: PDF Unicode definition (HO)
Now handling font encoding PU ...
... no UTF-8 mapping file for font encoding PU
)
Package hyperref Info: Option `colorlinks' set `true' on input line 4070.
Package hyperref Info: Hyper figures OFF on input line 4199.
Package hyperref Info: Link nesting OFF on input line 4204.
Package hyperref Info: Hyper index ON on input line 4207.
Package hyperref Info: Plain pages OFF on input line 4214.
Package hyperref Info: Backreferencing OFF on input line 4219.
Package hyperref Info: Implicit mode ON; LaTeX internals redefined.
Package hyperref Info: Bookmarks ON on input line 4466.
\c@Hy@tempcnt=\count313
 (C:\Users\Juan Camilo\Desktop\Universidad de los Andes\Tex\tex/latex/url\url.sty
\Urlmuskip=\muskip18
Package: url 2013/09/16  ver 3.4  Verb mode for urls, etc.
)
LaTeX Info: Redefining \url on input line 4805.
\XeTeXLinkMargin=\dimen172
 (C:\Users\Juan Camilo\Desktop\Universidad de los Andes\Tex\tex/generic/bitset\bitset.sty
Package: bitset 2019/12/09 v1.3 Handle bit-vector datatype (HO)
 (C:\Users\Juan Camilo\Desktop\Universidad de los Andes\Tex\tex/generic/bigintcalc\bigintcalc.sty
Package: bigintcalc 2019/12/15 v1.5 Expandable calculations on big integers (HO)
))
\Fld@menulength=\count314
\Field@Width=\dimen173
\Fld@charsize=\dimen174
Package hyperref Info: Hyper figures OFF on input line 6091.
Package hyperref Info: Link nesting OFF on input line 6096.
Package hyperref Info: Hyper index ON on input line 6099.
Package hyperref Info: backreferencing OFF on input line 6106.
Package hyperref Info: Link coloring ON on input line 6109.
Package hyperref Info: Link coloring with OCG OFF on input line 6116.
Package hyperref Info: PDF/A mode OFF on input line 6121.
\Hy@abspage=\count315
\c@Item=\count316
\c@Hfootnote=\count317
)
Package hyperref Info: Driver (autodetected): hpdftex.
 (C:\Users\Juan Camilo\Desktop\Universidad de los Andes\Tex\tex/latex/hyperref\hpdftex.def
File: hpdftex.def 2026-04-24 v7.01q Hyperref driver for pdfTeX
\HyAnn@Count=\count318
\Fld@listcount=\count319
\c@bookmark@seq@number=\count320
 (C:\Users\Juan Camilo\Desktop\Universidad de los Andes\Tex\tex/latex/rerunfilecheck\rerunfilecheck.sty
Package: rerunfilecheck 2025-06-21 v1.11 Rerun checks for auxiliary files (HO)
 (C:\Users\Juan Camilo\Desktop\Universidad de los Andes\Tex\tex/generic/uniquecounter\uniquecounter.sty
Package: uniquecounter 2019/12/15 v1.4 Provide unlimited unique counter (HO)
)
Package uniquecounter Info: New unique counter `rerunfilecheck' on input line 284.
)
\Hy@SectionHShift=\skip139
) (C:\Users\Juan Camilo\Desktop\Universidad de los Andes\Tex\tex/latex/cleveref\cleveref.sty
Package: cleveref 2018/03/27 v0.21.4 Intelligent cross-referencing
Package cleveref Info: `hyperref' support loaded on input line 2370.
LaTeX Info: Redefining \cref on input line 2370.
LaTeX Info: Redefining \Cref on input line 2370.
LaTeX Info: Redefining \crefrange on input line 2370.
LaTeX Info: Redefining \Crefrange on input line 2370.
LaTeX Info: Redefining \cpageref on input line 2370.
LaTeX Info: Redefining \Cpageref on input line 2370.
LaTeX Info: Redefining \cpagerefrange on input line 2370.
LaTeX Info: Redefining \Cpagerefrange on input line 2370.
LaTeX Info: Redefining \labelcref on input line 2370.
LaTeX Info: Redefining \labelcpageref on input line 2370.
Package cleveref Info: `amsthm' support loaded on input line 3026.
Package cleveref Info: `aliascnt' support loaded on input line 3193.
Package cleveref Info: include cross-reference names in hyperlinks on input line 7836.
Package cleveref Info: include cross-reference names in hyperlinks on input line 7852.
)
==> First Aid for cleveref.sty applied!
(C:\Users\Juan Camilo\Desktop\Universidad de los Andes\Tex\tex/latex/tcolorbox\tcolorbox.sty
Package: tcolorbox 2025/11/28 version 6.9.0 text color boxes
 (C:\Users\Juan Camilo\Desktop\Universidad de los Andes\Tex\tex/latex/pgf/frontendlayer\tikz.sty (C:\Users\Juan Camilo\Desktop\Universidad de los Andes\Tex\tex/latex/pgf/basiclayer\pgf.sty (C:\Users\Juan Camilo\Desktop\Universidad de los Andes\Tex\tex/latex/pgf/utilities\pgfrcs.sty (C:\Users\Juan Camilo\Desktop\Universidad de los Andes\Tex\tex/generic/pgf/utilities\pgfutil-common.tex
\pgfutil@everybye=\toks32
\pgfutil@tempdima=\dimen175
\pgfutil@tempdimb=\dimen176
) (C:\Users\Juan Camilo\Desktop\Universidad de los Andes\Tex\tex/generic/pgf/utilities\pgfutil-latex.def
\pgfutil@abb=\box61
) (C:\Users\Juan Camilo\Desktop\Universidad de los Andes\Tex\tex/generic/pgf/utilities\pgfrcs.code.tex (C:\Users\Juan Camilo\Desktop\Universidad de los Andes\Tex\tex/generic/pgf\pgf.revision.tex)
Package: pgfrcs 2025-08-29 v3.1.11a (3.1.11a)
))
Package: pgf 2025-08-29 v3.1.11a (3.1.11a)
 (C:\Users\Juan Camilo\Desktop\Universidad de los Andes\Tex\tex/latex/pgf/basiclayer\pgfcore.sty (C:\Users\Juan Camilo\Desktop\Universidad de los Andes\Tex\tex/latex/pgf/systemlayer\pgfsys.sty (C:\Users\Juan Camilo\Desktop\Universidad de los Andes\Tex\tex/generic/pgf/systemlayer\pgfsys.code.tex
Package: pgfsys 2025-08-29 v3.1.11a (3.1.11a)
 (C:\Users\Juan Camilo\Desktop\Universidad de los Andes\Tex\tex/generic/pgf/utilities\pgfkeys.code.tex
\pgfkeys@pathtoks=\toks33
\pgfkeys@temptoks=\toks34
 (C:\Users\Juan Camilo\Desktop\Universidad de los Andes\Tex\tex/generic/pgf/utilities\pgfkeyslibraryfiltered.code.tex
\pgfkeys@tmptoks=\toks35
))
\pgf@x=\dimen177
\pgf@y=\dimen178
\pgf@xa=\dimen179
\pgf@ya=\dimen180
\pgf@xb=\dimen181
\pgf@yb=\dimen182
\pgf@xc=\dimen183
\pgf@yc=\dimen184
\pgf@xd=\dimen185
\pgf@yd=\dimen186
\w@pgf@writea=\write3
\r@pgf@reada=\read2
\c@pgf@counta=\count321
\c@pgf@countb=\count322
\c@pgf@countc=\count323
\c@pgf@countd=\count324
\t@pgf@toka=\toks36
\t@pgf@tokb=\toks37
\t@pgf@tokc=\toks38
\pgf@sys@id@count=\count325
 (C:\Users\Juan Camilo\Desktop\Universidad de los Andes\Tex\tex/generic/pgf/systemlayer\pgf.cfg
File: pgf.cfg 2025-08-29 v3.1.11a (3.1.11a)
)
Driver file for pgf: pgfsys-pdftex.def
 (C:\Users\Juan Camilo\Desktop\Universidad de los Andes\Tex\tex/generic/pgf/systemlayer\pgfsys-pdftex.def
File: pgfsys-pdftex.def 2025-08-29 v3.1.11a (3.1.11a)
 (C:\Users\Juan Camilo\Desktop\Universidad de los Andes\Tex\tex/generic/pgf/systemlayer\pgfsys-common-pdf.def
File: pgfsys-common-pdf.def 2025-08-29 v3.1.11a (3.1.11a)
))) (C:\Users\Juan Camilo\Desktop\Universidad de los Andes\Tex\tex/generic/pgf/systemlayer\pgfsyssoftpath.code.tex
File: pgfsyssoftpath.code.tex 2025-08-29 v3.1.11a (3.1.11a)
\pgfsyssoftpath@smallbuffer@items=\count326
\pgfsyssoftpath@bigbuffer@items=\count327
) (C:\Users\Juan Camilo\Desktop\Universidad de los Andes\Tex\tex/generic/pgf/systemlayer\pgfsysprotocol.code.tex
File: pgfsysprotocol.code.tex 2025-08-29 v3.1.11a (3.1.11a)
)) (C:\Users\Juan Camilo\Desktop\Universidad de los Andes\Tex\tex/latex/xcolor\xcolor.sty
Package: xcolor 2024/09/29 v3.02 LaTeX color extensions (UK)
 (C:\Users\Juan Camilo\Desktop\Universidad de los Andes\Tex\tex/latex/graphics-cfg\color.cfg
File: color.cfg 2016/01/02 v1.6 sample color configuration
)
Package xcolor Info: Driver file: pdftex.def on input line 274.
LaTeX Info: Redefining \color on input line 762.
 (C:\Users\Juan Camilo\Desktop\Universidad de los Andes\Tex\tex/latex/graphics\mathcolor.ltx)
Package xcolor Info: Model `cmy' substituted by `cmy0' on input line 1349.
Package xcolor Info: Model `hsb' substituted by `rgb' on input line 1353.
Package xcolor Info: Model `RGB' extended on input line 1365.
Package xcolor Info: Model `HTML' substituted by `rgb' on input line 1367.
Package xcolor Info: Model `Hsb' substituted by `hsb' on input line 1368.
Package xcolor Info: Model `tHsb' substituted by `hsb' on input line 1369.
Package xcolor Info: Model `HSB' substituted by `hsb' on input line 1370.
Package xcolor Info: Model `Gray' substituted by `gray' on input line 1371.
Package xcolor Info: Model `wave' substituted by `hsb' on input line 1372.
) (C:\Users\Juan Camilo\Desktop\Universidad de los Andes\Tex\tex/generic/pgf/basiclayer\pgfcore.code.tex
Package: pgfcore 2025-08-29 v3.1.11a (3.1.11a)
 (C:\Users\Juan Camilo\Desktop\Universidad de los Andes\Tex\tex/generic/pgf/math\pgfmath.code.tex (C:\Users\Juan Camilo\Desktop\Universidad de los Andes\Tex\tex/generic/pgf/math\pgfmathutil.code.tex) (C:\Users\Juan Camilo\Desktop\Universidad de los Andes\Tex\tex/generic/pgf/math\pgfmathparser.code.tex
\pgfmath@dimen=\dimen187
\pgfmath@count=\count328
\pgfmath@box=\box62
\pgfmath@toks=\toks39
\pgfmath@stack@operand=\toks40
\pgfmath@stack@operation=\toks41
) (C:\Users\Juan Camilo\Desktop\Universidad de los Andes\Tex\tex/generic/pgf/math\pgfmathfunctions.code.tex) (C:\Users\Juan Camilo\Desktop\Universidad de los Andes\Tex\tex/generic/pgf/math\pgfmathfunctions.basic.code.tex) (C:\Users\Juan Camilo\Desktop\Universidad de los Andes\Tex\tex/generic/pgf/math\pgfmathfunctions.trigonometric.code.tex) (C:\Users\Juan Camilo\Desktop\Universidad de los Andes\Tex\tex/generic/pgf/math\pgfmathfunctions.random.code.tex) (C:\Users\Juan Camilo\Desktop\Universidad de los Andes\Tex\tex/generic/pgf/math\pgfmathfunctions.comparison.code.tex) (C:\Users\Juan Camilo\Desktop\Universidad de los Andes\Tex\tex/generic/pgf/math\pgfmathfunctions.base.code.tex) (C:\Users\Juan Camilo\Desktop\Universidad de los Andes\Tex\tex/generic/pgf/math\pgfmathfunctions.round.code.tex) (C:\Users\Juan Camilo\Desktop\Universidad de los Andes\Tex\tex/generic/pgf/math\pgfmathfunctions.misc.code.tex) (C:\Users\Juan Camilo\Desktop\Universidad de los Andes\Tex\tex/generic/pgf/math\pgfmathfunctions.integerarithmetics.code.tex) (C:\Users\Juan Camilo\Desktop\Universidad de los Andes\Tex\tex/generic/pgf/math\pgfmathcalc.code.tex) (C:\Users\Juan Camilo\Desktop\Universidad de los Andes\Tex\tex/generic/pgf/math\pgfmathfloat.code.tex
\c@pgfmathroundto@lastzeros=\count329
)) (C:\Users\Juan Camilo\Desktop\Universidad de los Andes\Tex\tex/generic/pgf/math\pgfint.code.tex) (C:\Users\Juan Camilo\Desktop\Universidad de los Andes\Tex\tex/generic/pgf/basiclayer\pgfcorepoints.code.tex
File: pgfcorepoints.code.tex 2025-08-29 v3.1.11a (3.1.11a)
\pgf@picminx=\dimen188
\pgf@picmaxx=\dimen189
\pgf@picminy=\dimen190
\pgf@picmaxy=\dimen191
\pgf@pathminx=\dimen192
\pgf@pathmaxx=\dimen193
\pgf@pathminy=\dimen194
\pgf@pathmaxy=\dimen195
\pgf@xx=\dimen196
\pgf@xy=\dimen197
\pgf@yx=\dimen198
\pgf@yy=\dimen199
\pgf@zx=\dimen256
\pgf@zy=\dimen257
) (C:\Users\Juan Camilo\Desktop\Universidad de los Andes\Tex\tex/generic/pgf/basiclayer\pgfcorepathconstruct.code.tex
File: pgfcorepathconstruct.code.tex 2025-08-29 v3.1.11a (3.1.11a)
\pgf@path@lastx=\dimen258
\pgf@path@lasty=\dimen259
) (C:\Users\Juan Camilo\Desktop\Universidad de los Andes\Tex\tex/generic/pgf/basiclayer\pgfcorepathusage.code.tex
File: pgfcorepathusage.code.tex 2025-08-29 v3.1.11a (3.1.11a)
\pgf@shorten@end@additional=\dimen260
\pgf@shorten@start@additional=\dimen261
) (C:\Users\Juan Camilo\Desktop\Universidad de los Andes\Tex\tex/generic/pgf/basiclayer\pgfcorescopes.code.tex
File: pgfcorescopes.code.tex 2025-08-29 v3.1.11a (3.1.11a)
\pgfpic=\box63
\pgf@hbox=\box64
\pgf@layerbox@main=\box65
\pgf@picture@serial@count=\count330
) (C:\Users\Juan Camilo\Desktop\Universidad de los Andes\Tex\tex/generic/pgf/basiclayer\pgfcoregraphicstate.code.tex
File: pgfcoregraphicstate.code.tex 2025-08-29 v3.1.11a (3.1.11a)
\pgflinewidth=\dimen262
) (C:\Users\Juan Camilo\Desktop\Universidad de los Andes\Tex\tex/generic/pgf/basiclayer\pgfcoretransformations.code.tex
File: pgfcoretransformations.code.tex 2025-08-29 v3.1.11a (3.1.11a)
\pgf@pt@x=\dimen263
\pgf@pt@y=\dimen264
\pgf@pt@temp=\dimen265
) (C:\Users\Juan Camilo\Desktop\Universidad de los Andes\Tex\tex/generic/pgf/basiclayer\pgfcorequick.code.tex
File: pgfcorequick.code.tex 2025-08-29 v3.1.11a (3.1.11a)
) (C:\Users\Juan Camilo\Desktop\Universidad de los Andes\Tex\tex/generic/pgf/basiclayer\pgfcoreobjects.code.tex
File: pgfcoreobjects.code.tex 2025-08-29 v3.1.11a (3.1.11a)
) (C:\Users\Juan Camilo\Desktop\Universidad de los Andes\Tex\tex/generic/pgf/basiclayer\pgfcorepathprocessing.code.tex
File: pgfcorepathprocessing.code.tex 2025-08-29 v3.1.11a (3.1.11a)
) (C:\Users\Juan Camilo\Desktop\Universidad de los Andes\Tex\tex/generic/pgf/basiclayer\pgfcorearrows.code.tex
File: pgfcorearrows.code.tex 2025-08-29 v3.1.11a (3.1.11a)
\pgfarrowsep=\dimen266
) (C:\Users\Juan Camilo\Desktop\Universidad de los Andes\Tex\tex/generic/pgf/basiclayer\pgfcoreshade.code.tex
File: pgfcoreshade.code.tex 2025-08-29 v3.1.11a (3.1.11a)
\pgf@max=\dimen267
\pgf@sys@shading@range@num=\count331
\pgf@shadingcount=\count332
) (C:\Users\Juan Camilo\Desktop\Universidad de los Andes\Tex\tex/generic/pgf/basiclayer\pgfcoreimage.code.tex
File: pgfcoreimage.code.tex 2025-08-29 v3.1.11a (3.1.11a)
) (C:\Users\Juan Camilo\Desktop\Universidad de los Andes\Tex\tex/generic/pgf/basiclayer\pgfcoreexternal.code.tex
File: pgfcoreexternal.code.tex 2025-08-29 v3.1.11a (3.1.11a)
\pgfexternal@startupbox=\box66
) (C:\Users\Juan Camilo\Desktop\Universidad de los Andes\Tex\tex/generic/pgf/basiclayer\pgfcorelayers.code.tex
File: pgfcorelayers.code.tex 2025-08-29 v3.1.11a (3.1.11a)
) (C:\Users\Juan Camilo\Desktop\Universidad de los Andes\Tex\tex/generic/pgf/basiclayer\pgfcoretransparency.code.tex
File: pgfcoretransparency.code.tex 2025-08-29 v3.1.11a (3.1.11a)
) (C:\Users\Juan Camilo\Desktop\Universidad de los Andes\Tex\tex/generic/pgf/basiclayer\pgfcorepatterns.code.tex
File: pgfcorepatterns.code.tex 2025-08-29 v3.1.11a (3.1.11a)
) (C:\Users\Juan Camilo\Desktop\Universidad de los Andes\Tex\tex/generic/pgf/basiclayer\pgfcorerdf.code.tex
File: pgfcorerdf.code.tex 2025-08-29 v3.1.11a (3.1.11a)
))) (C:\Users\Juan Camilo\Desktop\Universidad de los Andes\Tex\tex/generic/pgf/modules\pgfmoduleshapes.code.tex
File: pgfmoduleshapes.code.tex 2025-08-29 v3.1.11a (3.1.11a)
\pgfnodeparttextbox=\box67
) (C:\Users\Juan Camilo\Desktop\Universidad de los Andes\Tex\tex/generic/pgf/modules\pgfmoduleplot.code.tex
File: pgfmoduleplot.code.tex 2025-08-29 v3.1.11a (3.1.11a)
) (C:\Users\Juan Camilo\Desktop\Universidad de los Andes\Tex\tex/latex/pgf/compatibility\pgfcomp-version-0-65.sty
Package: pgfcomp-version-0-65 2025-08-29 v3.1.11a (3.1.11a)
\pgf@nodesepstart=\dimen268
\pgf@nodesepend=\dimen269
) (C:\Users\Juan Camilo\Desktop\Universidad de los Andes\Tex\tex/latex/pgf/compatibility\pgfcomp-version-1-18.sty
Package: pgfcomp-version-1-18 2025-08-29 v3.1.11a (3.1.11a)
)) (C:\Users\Juan Camilo\Desktop\Universidad de los Andes\Tex\tex/latex/pgf/utilities\pgffor.sty (C:\Users\Juan Camilo\Desktop\Universidad de los Andes\Tex\tex/latex/pgf/utilities\pgfkeys.sty (C:\Users\Juan Camilo\Desktop\Universidad de los Andes\Tex\tex/generic/pgf/utilities\pgfkeys.code.tex)) (C:\Users\Juan Camilo\Desktop\Universidad de los Andes\Tex\tex/latex/pgf/math\pgfmath.sty (C:\Users\Juan Camilo\Desktop\Universidad de los Andes\Tex\tex/generic/pgf/math\pgfmath.code.tex)) (C:\Users\Juan Camilo\Desktop\Universidad de los Andes\Tex\tex/generic/pgf/utilities\pgffor.code.tex
Package: pgffor 2025-08-29 v3.1.11a (3.1.11a)
\pgffor@iter=\dimen270
\pgffor@skip=\dimen271
\pgffor@stack=\toks42
\pgffor@toks=\toks43
)) (C:\Users\Juan Camilo\Desktop\Universidad de los Andes\Tex\tex/generic/pgf/frontendlayer/tikz\tikz.code.tex
Package: tikz 2025-08-29 v3.1.11a (3.1.11a)
 (C:\Users\Juan Camilo\Desktop\Universidad de los Andes\Tex\tex/generic/pgf/libraries\pgflibraryplothandlers.code.tex
File: pgflibraryplothandlers.code.tex 2025-08-29 v3.1.11a (3.1.11a)
\pgf@plot@mark@count=\count333
\pgfplotmarksize=\dimen272
)
\tikz@lastx=\dimen273
\tikz@lasty=\dimen274
\tikz@lastxsaved=\dimen275
\tikz@lastysaved=\dimen276
\tikz@lastmovetox=\dimen277
\tikz@lastmovetoy=\dimen278
\tikzleveldistance=\dimen279
\tikzsiblingdistance=\dimen280
\tikz@figbox=\box68
\tikz@figbox@bg=\box69
\tikz@tempbox=\box70
\tikz@tempbox@bg=\box71
\tikztreelevel=\count334
\tikznumberofchildren=\count335
\tikznumberofcurrentchild=\count336
\tikz@fig@count=\count337
 (C:\Users\Juan Camilo\Desktop\Universidad de los Andes\Tex\tex/generic/pgf/modules\pgfmodulematrix.code.tex
File: pgfmodulematrix.code.tex 2025-08-29 v3.1.11a (3.1.11a)
\pgfmatrixcurrentrow=\count338
\pgfmatrixcurrentcolumn=\count339
\pgf@matrix@numberofcolumns=\count340
)
\tikz@expandcount=\count341
 (C:\Users\Juan Camilo\Desktop\Universidad de los Andes\Tex\tex/generic/pgf/frontendlayer/tikz/libraries\tikzlibrarytopaths.code.tex
File: tikzlibrarytopaths.code.tex 2025-08-29 v3.1.11a (3.1.11a)
))) (C:\Users\Juan Camilo\Desktop\Universidad de los Andes\Tex\tex/latex/tools\verbatim.sty
Package: verbatim 2024-01-22 v1.5x LaTeX2e package for verbatim enhancements
\every@verbatim=\toks44
\verbatim@line=\toks45
\verbatim@in@stream=\read3
) (C:\Users\Juan Camilo\Desktop\Universidad de los Andes\Tex\tex/latex/environ\environ.sty
Package: environ 2014/05/04 v0.3 A new way to define environments
 (C:\Users\Juan Camilo\Desktop\Universidad de los Andes\Tex\tex/latex/trimspaces\trimspaces.sty
Package: trimspaces 2009/09/17 v1.1 Trim spaces around a token list
))
\tcb@titlebox=\box72
\tcb@upperbox=\box73
\tcb@lowerbox=\box74
\tcb@phantombox=\box75
\c@tcbbreakpart=\count342
\c@tcblayer=\count343
\c@tcolorbox@number=\count344
\l__tcobox_tmpa_box=\box76
\l__tcobox_tmpa_dim=\dimen281
\tcb@temp=\box77
\tcb@temp=\box78
\tcb@temp=\box79
\tcb@temp=\box80
 (C:\Users\Juan Camilo\Desktop\Universidad de los Andes\Tex\tex/latex/tcolorbox\tcbraster.code.tex
Library (tcolorbox): 'tcbraster.code.tex' version '6.9.0'
\c@tcbrastercolumn=\count345
\c@tcbrasterrow=\count346
\c@tcbrasternum=\count347
\c@tcbraster=\count348
) (C:\Users\Juan Camilo\Desktop\Universidad de los Andes\Tex\tex/latex/tcolorbox\tcbskins.code.tex
Library (tcolorbox): 'tcbskins.code.tex' version '6.9.0'
(C:\Users\Juan Camilo\Desktop\Universidad de los Andes\Tex\tex/latex/tikzfill\tikzfill.image.sty
Package: tikzfill.image 2026/04/23 v1.2.0 Image filling library for TikZ
 (C:\Users\Juan Camilo\Desktop\Universidad de los Andes\Tex\tex/latex/tikzfill\tikzlibraryfill.image.code.tex
File: tikzlibraryfill.image.code.tex 2026/04/23 v1.2.0 Image filling library
\l__tikzfill_tmpa_dim=\dimen282
\l__tikzfill_tmpb_dim=\dimen283
\l__tikzfill_img_box=\box81
)) (C:\Users\Juan Camilo\Desktop\Universidad de los Andes\Tex\tex/latex/tcolorbox\tcbskinsjigsaw.code.tex
Library (tcolorbox): 'tcbskinsjigsaw.code.tex' version '6.9.0'
)) (C:\Users\Juan Camilo\Desktop\Universidad de los Andes\Tex\tex/latex/tcolorbox\tcbbreakable.code.tex
Library (tcolorbox): 'tcbbreakable.code.tex' version '6.9.0'
(C:\Users\Juan Camilo\Desktop\Universidad de los Andes\Tex\tex/latex/pdfcol\pdfcol.sty
Package: pdfcol 2022-09-21 v1.7 Handle new color stacks for pdfTeX (HO)
)
Package pdfcol Info: New color stack `tcb@breakable' = 1 on input line 23.
\tcb@testbox=\box82
\tcb@totalupperbox=\box83
\tcb@totallowerbox=\box84
) (C:\Users\Juan Camilo\Desktop\Universidad de los Andes\Tex\tex/latex/tcolorbox\tcbhooks.code.tex
Library (tcolorbox): 'tcbhooks.code.tex' version '6.9.0'
) (C:\Users\Juan Camilo\Desktop\Universidad de los Andes\Tex\tex/latex/tcolorbox\tcbtheorems.code.tex
Library (tcolorbox): 'tcbtheorems.code.tex' version '6.9.0'
) (C:\Users\Juan Camilo\Desktop\Universidad de los Andes\Tex\tex/latex/tcolorbox\tcbfitting.code.tex
Library (tcolorbox): 'tcbfitting.code.tex' version '6.9.0'
\tcbfitdim=\dimen284
\tcb@lowerfitdim=\dimen285
\tcb@upperfitdim=\dimen286
\tcb@cur@hbadness=\count349
) (C:\Users\Juan Camilo\Desktop\Universidad de los Andes\Tex\tex/latex/tcolorbox\tcblistingsutf8.code.tex
Library (tcolorbox): 'tcblistingsutf8.code.tex' version '6.9.0'
(C:\Users\Juan Camilo\Desktop\Universidad de los Andes\Tex\tex/latex/tcolorbox\tcblistings.code.tex
Library (tcolorbox): 'tcblistings.code.tex' version '6.9.0'
(C:\Users\Juan Camilo\Desktop\Universidad de los Andes\Tex\tex/latex/listings\listings.sty
\lst@mode=\count350
\lst@gtempboxa=\box85
\lst@token=\toks46
\lst@length=\count351
\lst@currlwidth=\dimen287
\lst@column=\count352
\lst@pos=\count353
\lst@lostspace=\dimen288
\lst@width=\dimen289
\lst@newlines=\count354
\lst@lineno=\count355
\lst@maxwidth=\dimen290
 (C:\Users\Juan Camilo\Desktop\Universidad de los Andes\Tex\tex/latex/listings\lstpatch.sty
File: lstpatch.sty 2025/11/14 1.11b (Carsten Heinz)
) (C:\Users\Juan Camilo\Desktop\Universidad de los Andes\Tex\tex/latex/listings\lstmisc.sty
File: lstmisc.sty 2025/11/14 1.11b (Carsten Heinz)
\c@lstnumber=\count356
\lst@skipnumbers=\count357
\lst@framebox=\box86
) (C:\Users\Juan Camilo\Desktop\Universidad de los Andes\Tex\tex/latex/listings\listings.cfg
File: listings.cfg 2025/11/14 1.11b listings configuration
))
Package: listings 2025/11/14 1.11b (Carsten Heinz)

==> First Aid for listings.sty no longer applied!
    Expected:
        2024/09/23 1.10c (Carsten Heinz)
    but found:
        2025/11/14 1.11b (Carsten Heinz)
    so I'm assuming it got fixed.
(C:\Users\Juan Camilo\Desktop\Universidad de los Andes\Tex\tex/latex/tcolorbox\tcblistingscore.code.tex
Library (tcolorbox): 'tcblistingscore.code.tex' version '6.9.0'
(C:\Users\Juan Camilo\Desktop\Universidad de los Andes\Tex\tex/latex/tcolorbox\tcbprocessing.code.tex
Library (tcolorbox): 'tcbprocessing.code.tex' version '6.9.0'
)
\c@tcblisting=\count358
)) (C:\Users\Juan Camilo\Desktop\Universidad de los Andes\Tex\tex/latex/listingsutf8\listingsutf8.sty
Package: listingsutf8 2019-12-10 v1.5 Allow UTF-8 in listings input (HO)
)) (C:\Users\Juan Camilo\Desktop\Universidad de los Andes\Tex\tex/latex/tcolorbox\tcbexternal.code.tex
Library (tcolorbox): 'tcbexternal.code.tex' version '6.9.0'
) (C:\Users\Juan Camilo\Desktop\Universidad de los Andes\Tex\tex/latex/tcolorbox\tcbmagazine.code.tex
Library (tcolorbox): 'tcbmagazine.code.tex' version '6.9.0'
) (C:\Users\Juan Camilo\Desktop\Universidad de los Andes\Tex\tex/latex/tcolorbox\tcbvignette.code.tex
Library (tcolorbox): 'tcbvignette.code.tex' version '6.9.0'
(C:\Users\Juan Camilo\Desktop\Universidad de los Andes\Tex\tex/generic/pgf/frontendlayer/tikz/libraries\tikzlibraryfadings.code.tex
File: tikzlibraryfadings.code.tex 2025-08-29 v3.1.11a (3.1.11a)
 (C:\Users\Juan Camilo\Desktop\Universidad de los Andes\Tex\tex/generic/pgf/libraries\pgflibraryfadings.code.tex
File: pgflibraryfadings.code.tex 2025-08-29 v3.1.11a (3.1.11a)
))) (C:\Users\Juan Camilo\Desktop\Universidad de los Andes\Tex\tex/latex/tcolorbox\tcbposter.code.tex
Library (tcolorbox): 'tcbposter.code.tex' version '6.9.0'
)) (C:\Users\Juan Camilo\Desktop\Universidad de los Andes\Tex\tex/latex/float\float.sty
Package: float 2001/11/08 v1.3d Float enhancements (AL)
\c@float@type=\count359
\float@exts=\toks47
\float@box=\box87
\@float@everytoks=\toks48
\@floatcapt=\box88
) (C:\Users\Juan Camilo\Desktop\Universidad de los Andes\Tex\tex/latex/tikz-cd\tikz-cd.sty
Package: tikz-cd 2021/05/04 v1.0 Commutative diagrams with TikZ
 (C:\Users\Juan Camilo\Desktop\Universidad de los Andes\Tex\tex/latex/tikz-cd\tikzlibrarycd.code.tex (C:\Users\Juan Camilo\Desktop\Universidad de los Andes\Tex\tex/generic/pgf/frontendlayer/tikz/libraries\tikzlibrarymatrix.code.tex
File: tikzlibrarymatrix.code.tex 2025-08-29 v3.1.11a (3.1.11a)
) (C:\Users\Juan Camilo\Desktop\Universidad de los Andes\Tex\tex/generic/pgf/frontendlayer/tikz/libraries\tikzlibraryquotes.code.tex
File: tikzlibraryquotes.code.tex 2025-08-29 v3.1.11a (3.1.11a)
) (C:\Users\Juan Camilo\Desktop\Universidad de los Andes\Tex\tex/generic/pgf/libraries\pgflibraryarrows.meta.code.tex
File: pgflibraryarrows.meta.code.tex 2025-08-29 v3.1.11a (3.1.11a)
\pgfarrowinset=\dimen291
\pgfarrowlength=\dimen292
\pgfarrowwidth=\dimen293
\pgfarrowlinewidth=\dimen294
))) (C:\Users\Juan Camilo\Desktop\Universidad de los Andes\Tex\tex/latex/titlesec\titlesec.sty
Package: titlesec 2025/01/04 v2.17 Sectioning titles
\ttl@box=\box89
\beforetitleunit=\skip140
\aftertitleunit=\skip141
\ttl@plus=\dimen295
\ttl@minus=\dimen296
\ttl@toksa=\toks49
\titlewidth=\dimen297
\titlewidthlast=\dimen298
\titlewidthfirst=\dimen299
) (C:\Users\Juan Camilo\Desktop\Universidad de los Andes\Tex\tex/generic/pgf/frontendlayer/tikz/libraries\tikzlibrarypositioning.code.tex
File: tikzlibrarypositioning.code.tex 2025-08-29 v3.1.11a (3.1.11a)
) (C:\Users\Juan Camilo\Desktop\Universidad de los Andes\Tex\tex/generic/pgf/frontendlayer/tikz/libraries\tikzlibrarycalc.code.tex
File: tikzlibrarycalc.code.tex 2025-08-29 v3.1.11a (3.1.11a)
) (C:\Users\Juan Camilo\Desktop\Universidad de los Andes\Tex\tex/generic/pgf/frontendlayer/tikz/libraries\tikzlibraryshapes.geometric.code.tex
File: tikzlibraryshapes.geometric.code.tex 2025-08-29 v3.1.11a (3.1.11a)
 (C:\Users\Juan Camilo\Desktop\Universidad de los Andes\Tex\tex/generic/pgf/libraries/shapes\pgflibraryshapes.geometric.code.tex
File: pgflibraryshapes.geometric.code.tex 2025-08-29 v3.1.11a (3.1.11a)
))
Package hyperref Info: Option `colorlinks' set `true' on input line 42.
)
\c@lemma=\count360
 (Proyecto decimo.aux)
\openout1 = `"Proyecto decimo.aux"'.

LaTeX Font Info:    Checking defaults for OML/cmm/m/it on input line 15.
LaTeX Font Info:    ... okay on input line 15.
LaTeX Font Info:    Checking defaults for OMS/cmsy/m/n on input line 15.
LaTeX Font Info:    ... okay on input line 15.
LaTeX Font Info:    Checking defaults for OT1/cmr/m/n on input line 15.
LaTeX Font Info:    ... okay on input line 15.
LaTeX Font Info:    Checking defaults for T1/cmr/m/n on input line 15.
LaTeX Font Info:    ... okay on input line 15.
LaTeX Font Info:    Checking defaults for TS1/cmr/m/n on input line 15.
LaTeX Font Info:    ... okay on input line 15.
LaTeX Font Info:    Checking defaults for OMX/cmex/m/n on input line 15.
LaTeX Font Info:    ... okay on input line 15.
LaTeX Font Info:    Checking defaults for U/cmr/m/n on input line 15.
LaTeX Font Info:    ... okay on input line 15.
LaTeX Font Info:    Checking defaults for PD1/pdf/m/n on input line 15.
LaTeX Font Info:    ... okay on input line 15.
LaTeX Font Info:    Checking defaults for PU/pdf/m/n on input line 15.
LaTeX Font Info:    ... okay on input line 15.
 (C:\Users\Juan Camilo\Desktop\Universidad de los Andes\Tex\tex/context/base/mkii\supp-pdf.mkii
[Loading MPS to PDF converter (version 2006.09.02).]
\scratchcounter=\count361
\scratchdimen=\dimen300
\scratchbox=\box90
\nofMPsegments=\count362
\nofMParguments=\count363
\everyMPshowfont=\toks50
\MPscratchCnt=\count364
\MPscratchDim=\dimen301
\MPnumerator=\count365
\makeMPintoPDFobject=\count366
\everyMPtoPDFconversion=\toks51
) (C:\Users\Juan Camilo\Desktop\Universidad de los Andes\Tex\tex/latex/epstopdf-pkg\epstopdf-base.sty
Package: epstopdf-base 2020-01-24 v2.11 Base part for package epstopdf
Package epstopdf-base Info: Redefining graphics rule for `.eps' on input line 485.
 (C:\Users\Juan Camilo\Desktop\Universidad de los Andes\Tex\tex/latex/00miktex\epstopdf-sys.cfg
File: epstopdf-sys.cfg 2021/03/18 v2.0 Configuration of epstopdf for MiKTeX
))
*geometry* driver: auto-detecting
*geometry* detected driver: pdftex
*geometry* verbose mode - [ preamble ] result:
* driver: pdftex
* paper: letterpaper
* layout: <same size as paper>
* layoutoffset:(h,v)=(0.0pt,0.0pt)
* modes: 
* h-part:(L,W,R)=(72.26999pt, 469.75502pt, 72.26999pt)
* v-part:(T,H,B)=(72.26999pt, 650.43001pt, 72.26999pt)
* \paperwidth=614.295pt
* \paperheight=794.96999pt
* \textwidth=469.75502pt
* \textheight=650.43001pt
* \oddsidemargin=0.0pt
* \evensidemargin=0.0pt
* \topmargin=-37.0pt
* \headheight=12.0pt
* \headsep=25.0pt
* \topskip=10.0pt
* \footskip=30.0pt
* \marginparwidth=65.0pt
* \marginparsep=11.0pt
* \columnsep=10.0pt
* \skip\footins=9.0pt plus 4.0pt minus 2.0pt
* \hoffset=0.0pt
* \voffset=0.0pt
* \mag=1000
* \@twocolumnfalse
* \@twosidefalse
* \@mparswitchfalse
* \@reversemarginfalse
* (1in=72.27pt=25.4mm, 1cm=28.453pt)

Package hyperref Info: Link coloring ON on input line 15.
(Proyecto decimo.out) (Proyecto decimo.out)
\@outlinefile=\write4
\openout4 = `"Proyecto decimo.out"'.

\c@lstlisting=\count367
 (C:\Users\Juan Camilo\Desktop\Universidad de los Andes\Tex\tex/latex/base\inputenc.sty
Package: inputenc 2024/02/08 v1.3d Input encoding file
\inpenc@prehook=\toks52
\inpenc@posthook=\toks53
)
LaTeX Font Info:    Trying to load font information for U+msa on input line 17.
 (C:\Users\Juan Camilo\Desktop\Universidad de los Andes\Tex\tex/latex/amsfonts\umsa.fd
File: umsa.fd 2013/01/14 v3.01 AMS symbols A
)
LaTeX Font Info:    Trying to load font information for U+msb on input line 17.
 (C:\Users\Juan Camilo\Desktop\Universidad de los Andes\Tex\tex/latex/amsfonts\umsb.fd
File: umsb.fd 2013/01/14 v3.01 AMS symbols B
)
Underfull \hbox (badness 10000) in paragraph at lines 58--60

 []



[1

{C:/Users/Juan Camilo/AppData/Local/MiKTeX/fonts/map/pdftex/pdftex.map}]
Underfull \hbox (badness 10000) in paragraph at lines 79--84

 []


Underfull \hbox (badness 10000) in paragraph at lines 86--90

 []


Underfull \hbox (badness 10000) in paragraph at lines 110--111

 []



[2]
Underfull \hbox (badness 10000) in paragraph at lines 138--139

 []


Underfull \hbox (badness 10000) in paragraph at lines 150--151

 []


Underfull \hbox (badness 10000) in paragraph at lines 152--154

 []



[3]
Underfull \hbox (badness 10000) in paragraph at lines 215--218

 []



[4]

[5]
Underfull \hbox (badness 10000) in paragraph at lines 289--290

 []



[6]

[7] (Proyecto decimo.aux)
 ***********
LaTeX2e <2025-11-01>
L3 programming layer <2026-03-20>
 ***********
Package rerunfilecheck Info: File `"Proyecto decimo".out' has not changed.
(rerunfilecheck)             Checksum: 14BF0DEB26E37C0B51C3084EF45C65DE;1173.
 ) 
Here is how much of TeX's memory you used:
 32535 strings out of 467694
 682166 string characters out of 5408752
 1131358 words of memory out of 5000000
 61019 multiletter control sequences out of 15000+600000
 642649 words of font info for 94 fonts, out of 8000000 for 9000
 1141 hyphenation exceptions out of 8191
 103i,11n,121p,666b,483s stack positions out of 10000i,1000n,20000p,200000b,200000s
 <C:\Users\Juan Camilo\AppData\Local\MiKTeX\fonts/pk/ljfour/jknappen/ec/dpi600\tcrm1000.pk><C:/Users/Juan Camilo/Desktop/Universidad de los Andes/Tex/fonts/type1/public/amsfonts/cm/cmbx10.pfb><C:/Users/Juan Camilo/Desktop/Universidad de los Andes/Tex/fonts/type1/public/amsfonts/cm/cmbx12.pfb><C:/Users/Juan Camilo/Desktop/Universidad de los Andes/Tex/fonts/type1/public/amsfonts/cm/cmbx9.pfb><C:/Users/Juan Camilo/Desktop/Universidad de los Andes/Tex/fonts/type1/public/amsfonts/cm/cmex10.pfb><C:/Users/Juan Camilo/Desktop/Universidad de los Andes/Tex/fonts/type1/public/amsfonts/cm/cmmi10.pfb><C:/Users/Juan Camilo/Desktop/Universidad de los Andes/Tex/fonts/type1/public/amsfonts/cm/cmmi5.pfb><C:/Users/Juan Camilo/Desktop/Universidad de los Andes/Tex/fonts/type1/public/amsfonts/cm/cmmi7.pfb><C:/Users/Juan Camilo/Desktop/Universidad de los Andes/Tex/fonts/type1/public/amsfonts/cm/cmr10.pfb><C:/Users/Juan Camilo/Desktop/Universidad de los Andes/Tex/fonts/type1/public/amsfonts/cm/cmr12.pfb><C:/Users/Juan Camilo/Desktop/Universidad de los Andes/Tex/fonts/type1/public/amsfonts/cm/cmr17.pfb><C:/Users/Juan Camilo/Desktop/Universidad de los Andes/Tex/fonts/type1/public/amsfonts/cm/cmr5.pfb><C:/Users/Juan Camilo/Desktop/Universidad de los Andes/Tex/fonts/type1/public/amsfonts/cm/cmr7.pfb><C:/Users/Juan Camilo/Desktop/Universidad de los Andes/Tex/fonts/type1/public/amsfonts/cm/cmr9.pfb><C:/Users/Juan Camilo/Desktop/Universidad de los Andes/Tex/fonts/type1/public/amsfonts/cm/cmsy10.pfb><C:/Users/Juan Camilo/Desktop/Universidad de los Andes/Tex/fonts/type1/public/amsfonts/cm/cmsy7.pfb><C:/Users/Juan Camilo/Desktop/Universidad de los Andes/Tex/fonts/type1/public/amsfonts/cm/cmti10.pfb><C:/Users/Juan Camilo/Desktop/Universidad de los Andes/Tex/fonts/type1/public/amsfonts/cm/cmti7.pfb><C:/Users/Juan Camilo/Desktop/Universidad de los Andes/Tex/fonts/type1/public/amsfonts/cm/cmtt10.pfb><C:/Users/Juan Camilo/Desktop/Universidad de los Andes/Tex/fonts/type1/public/amsfonts/symbols/msam10.pfb><C:/Users/Juan Camilo/Desktop/Universidad de los Andes/Tex/fonts/type1/public/amsfonts/symbols/msbm10.pfb>
Output written on "Proyecto decimo.pdf" (7 pages, 285023 bytes).
PDF statistics:
 239 PDF objects out of 1000 (max. 8388607)
 35 named destinations out of 1000 (max. 500000)
 221 words of extra memory for PDF output out of 10000 (max. 10000000)

